[lifelinewisdomdental.com.au/index.html]
[i0.wp.com/lifelinewisdomdental.com.au/wp-content/uploads/2021/12/logo-icod5fe.png]
[backblue.gif]
[fade.gif]
[index.html]
[lifelinewisdomdental.com.au/feed/index.html]
[lifelinewisdomdental.com.au/comments/feed/index.html]
[lifelinewisdomdental.com.au/home/feed/index.html]
[lifelinewisdomdental.com.au/wp-includes/js/jquery/jquery.mina7a0.js]
[lifelinewisdomdental.com.au/wp-includes/js/jquery/jquery-migrate.mind617.js]
[lifelinewisdomdental.com.au/wp-content/plugins/LayerSlider/assets/static/layerslider/js/layerslider.utilsa20b.js]
[lifelinewisdomdental.com.au/wp-content/plugins/LayerSlider/assets/static/layerslider/js/layerslider.kreaturamedia.jquerya20b.js]
[lifelinewisdomdental.com.au/wp-content/plugins/LayerSlider/assets/static/layerslider/js/layerslider.transitionsa20b.js]
[lifelinewisdomdental.com.au/wp-content/plugins/cookie-law-info/legacy/public/js/cookie-law-info-public6173.js]
[stats.wp.com/s-202309.js]
[lifelinewisdomdental.com.au/wp-content/themes/yoga-fit/js/jsLibraries.min8a54.js]
[lifelinewisdomdental.com.au/wp-content/themes/yoga-fit/js/jquery.iLightBox.min3601.js]
[lifelinewisdomdental.com.au/wp-json/index.html]
[lifelinewisdomdental.com.au/wp-json/wp/v2/pages/20.json]
[lifelinewisdomdental.com.au/xmlrpc0db0.php]
[lifelinewisdomdental.com.au/wp-json/oembed/1.0/embed80fc.json]
[lifelinewisdomdental.com.au/wp-json/oembed/1.0/embed4ee8]
[lifelinewisdomdental.com.au/wp-content/uploads/2022/02/dental-crown2.png]
[lifelinewisdomdental.com.au/wp-json/tribe/events/v1/index.html]
[lifelinewisdomdental.com.au/wp-content/uploads/2022/02/dental-bridge-hornchuruch.jpg]
[lifelinewisdomdental.com.au/wp-content/uploads/2015/08/img3.png]
[lifelinewisdomdental.com.au/wp-content/uploads/2022/02/dental-filling-types-scaled-1.png]
[lifelinewisdomdental.com.au/wp-content/uploads/2021/12/emergency.jpg]
[lifelinewisdomdental.com.au/wp-content/uploads/2022/03/fissure-sealant-m.jpg]
[lifelinewisdomdental.com.au/wp-content/uploads/2022/03/dental-night-guard.jpg]
[lifelinewisdomdental.com.au/wp-content/uploads/2022/03/rootcanal5.jpg]
[i0.wp.com/lifelinewisdomdental.com.au/wp-content/uploads/2021/12/logo-big2f403.png]
[i0.wp.com/lifelinewisdomdental.com.au/wp-content/uploads/2021/12/construction_process341b.jpg]
[lifelinewisdomdental.com.au/about/index.html]
[i0.wp.com/lifelinewisdomdental.com.au/wp-content/uploads/2021/12/couple795b.png]
[lifelinewisdomdental.com.au/treatments/index.html]
[i0.wp.com/lifelinewisdomdental.com.au/wp-content/uploads/2021/12/toys795b.png]
[lifelinewisdomdental.com.au/mobile-dental/index.html]
[lifelinewisdomdental.com.au/promotions/index.html]
[i0.wp.com/lifelinewisdomdental.com.au/wp-content/uploads/2021/12/school795b.png]
[i0.wp.com/lifelinewisdomdental.com.au/wp-content/uploads/2021/12/dentist4-footer-bg2-17b4a.png]
[i0.wp.com/lifelinewisdomdental.com.au/wp-content/uploads/2021/12/slides-bg1df32.jpg]
[lifelinewisdomdental.com.au/contact/index.html]
[lifelinewisdomdental.com.au/careers/index.html]
[i0.wp.com/lifelinewisdomdental.com.au/wp-content/plugins/revslider/public/assets/assets/dummy63e8.png]
[i0.wp.com/lifelinewisdomdental.com.au/wp-content/plugins/revslider/public/assets/assets/dummycaca.png]
[i0.wp.com/lifelinewisdomdental.com.au/wp-content/plugins/revslider/public/assets/assets/dummy3bb6.png]
[i0.wp.com/lifelinewisdomdental.com.au/wp-content/uploads/2015/04/ornament77b5.jpg]
[i0.wp.com/lifelinewisdomdental.com.au/wp-content/uploads/2021/12/medical-assistance-44cff.png]
[i0.wp.com/lifelinewisdomdental.com.au/wp-content/uploads/2015/05/root-canal7efa.jpg]
[i0.wp.com/lifelinewisdomdental.com.au/wp-content/uploads/2015/07/0449a2.jpg]
[lifelinewisdomdental.com.au/project/private-small-group-lessons-your-yogafit/index.html]
[lifelinewisdomdental.com.au/wp-content/plugins/cmsms-content-composer/index.html]
[i0.wp.com/lifelinewisdomdental.com.au/wp-content/uploads/2015/07/0549a2.jpg]
[i0.wp.com/lifelinewisdomdental.com.au/wp-content/uploads/2015/05/bridges-3296d.jpg]
[i0.wp.com/lifelinewisdomdental.com.au/wp-content/uploads/2015/04/dental-peeling-17efa.jpg]
[i0.wp.com/lifelinewisdomdental.com.au/wp-content/uploads/2015/04/guard1f51.jpg]
[i0.wp.com/lifelinewisdomdental.com.au/wp-content/uploads/2015/04/blog-s2037efa.jpg]
[i0.wp.com/lifelinewisdomdental.com.au/wp-content/uploads/2013/04/19bd9.jpg]
[lifelinewisdomdental.com.au/project/teeth-whitening/index.html]
[i0.wp.com/lifelinewisdomdental.com.au/wp-content/uploads/2021/12/medicare-cdbs-logo-200cf00.jpg]
[lifelinewisdomdental.com.au/project/mouth-guards-night-guards/index.html]
[i0.wp.com/lifelinewisdomdental.com.au/wp-content/uploads/2021/12/afterpay-200px-1a9c6.jpg]
[lifelinewisdomdental.com.au/crowns-and-bridges/index.html]
[i0.wp.com/lifelinewisdomdental.com.au/wp-content/uploads/2021/12/denticare-logo-1e933.jpg]
[lifelinewisdomdental.com.au/project/wisdom-tooth-or-tooth-extraction/index.html]
[lifelinewisdomdental.com.au/project/scale-clean/index.html]
[i0.wp.com/lifelinewisdomdental.com.au/wp-content/uploads/2021/12/zippay-1b3be.jpg]
[i0.wp.com/lifelinewisdomdental.com.au/wp-content/uploads/2021/12/hcf-2000e9e.png]
[i0.wp.com/lifelinewisdomdental.com.au/wp-content/uploads/2021/12/medibank-2000e9e.png]
[i0.wp.com/lifelinewisdomdental.com.au/wp-content/uploads/2021/12/smile-2000e9e.png]
[i0.wp.com/lifelinewisdomdental.com.au/wp-content/uploads/2021/12/nib-12045ce.png]
[i0.wp.com/lifelinewisdomdental.com.au/wp-content/uploads/2021/12/bupa-1007cae.png]
[i0.wp.com/lifelinewisdomdental.com.au/wp-content/uploads/2021/12/logo-grey834b.png]
[lifelinewisdomdental.com.au/wp-content/plugins/revslider/public/assets/fonts/revicons/revicons90c6.woff]
[lifelinewisdomdental.com.au/health-funds/index.html]
[lifelinewisdomdental.com.au/faq/index.html]
[lifelinewisdomdental.com.au/wp-content/plugins/revslider/public/assets/fonts/font-awesome/fonts/fontawesome-webfont3e6e.woff2]
[lifelinewisdomdental.com.au/wp-content/plugins/jetpack/modules/contact-form/js/form-styles0264.js]
[lifelinewisdomdental.com.au/wp-content/plugins/creative-mail-by-constant-contact/assets/js/block/submit1e3f.js]
[lifelinewisdomdental.com.au/wp-includes/js/comment-reply.min6a4d.js]
[lifelinewisdomdental.com.au/wp-content/plugins/jetpack/_inc/build/photon/photon.min1c52.js]
[lifelinewisdomdental.com.au/wp-content/plugins/cmsms-mega-menu/js/jquery.megaMenu54f4.js]
[lifelinewisdomdental.com.au/wp-content/plugins/contact-form-7/includes/swv/js/index4999.js]
[lifelinewisdomdental.com.au/wp-content/plugins/contact-form-7/includes/js/index4999.js]
[lifelinewisdomdental.com.au/wp-content/plugins/revslider/public/assets/js/rbtools.min5bdf.js]
[lifelinewisdomdental.com.au/wp-content/plugins/revslider/public/assets/js/rs6.min5bdf.js]
[lifelinewisdomdental.com.au/wp-includes/js/jquery/ui/core.min3f14.js]
[lifelinewisdomdental.com.au/wp-includes/js/jquery/ui/tabs.min3f14.js]
[lifelinewisdomdental.com.au/wp-content/plugins/timetable/js/jquery.qtip.min6a4d.js]
[lifelinewisdomdental.com.au/wp-content/plugins/timetable/js/jquery.ba-bbq.min6a4d.js]
[lifelinewisdomdental.com.au/wp-content/plugins/timetable/js/jquery.carouFredSel-6.2.1-packed6a4d.js]
[lifelinewisdomdental.com.au/wp-content/plugins/timetable/js/timetable6a4d.js]
[lifelinewisdomdental.com.au/wp-content/plugins/woocommerce/assets/js/jquery-blockui/jquery.blockUI.minc993.js]
[lifelinewisdomdental.com.au/wp-content/plugins/woocommerce/assets/js/frontend/add-to-cart.min9c05.js]
[lifelinewisdomdental.com.au/wp-content/plugins/woocommerce/assets/js/js-cookie/js.cookie.minc97d.js]
[lifelinewisdomdental.com.au/wp-content/plugins/woocommerce/assets/js/frontend/woocommerce.min9c05.js]
[lifelinewisdomdental.com.au/wp-content/plugins/woocommerce/assets/js/frontend/cart-fragments.min9c05.js]
[lifelinewisdomdental.com.au/wp-content/themes/yoga-fit/js/jqueryLibraries.min8a54.js]
[lifelinewisdomdental.com.au/wp-content/themes/yoga-fit/js/scrollspy8a54.js]
[lifelinewisdomdental.com.au/wp-content/themes/yoga-fit/js/jquery.script8a54.js]
[lifelinewisdomdental.com.au/wp-content/themes/yoga-fit/js/jquery.tweet.mine7f0.js]
[lifelinewisdomdental.com.au/wp-content/themes/yoga-fit/js/jquery.isotope.min5d6b.js]
[lifelinewisdomdental.com.au/wp-content/themes/yoga-fit/js/jquery.isotope.mode8a54.js]
[lifelinewisdomdental.com.au/wp-content/themes/yoga-fit/js/jquery.cmsms-woo-script8a54.js]
[lifelinewisdomdental.com.au/index.html]
[lifelinewisdomdental.com.au/xmlrpc.php]
[lifelinewisdomdental.com.au/events/indexedf3.html]
[stats.wp.com/e-202309.js]
[lifelinewisdomdental.com.au/wp-content/plugins/LayerSlider/assets/static/layerslider/img/icon-muted-white.png]
[lifelinewisdomdental.com.au/wp-content/plugins/LayerSlider/assets/static/layerslider/img/icon-unmuted-white.png]
[lifelinewisdomdental.com.au/wp-content/plugins/LayerSlider/assets/static/layerslider/css/layerslidera20b.css]
[lifelinewisdomdental.com.au/wp-includes/css/dist/block-library/style.min6a4d.css]
[lifelinewisdomdental.com.au/wp-includes/js/mediaelement/mediaelementplayer-legacy.min1f61.css]
[lifelinewisdomdental.com.au/wp-includes/js/mediaelement/wp-mediaelement.min6a4d.css]
[lifelinewisdomdental.com.au/wp-content/plugins/woocommerce/packages/woocommerce-blocks/build/wc-blocks-vendors-style556e.css]
[lifelinewisdomdental.com.au/wp-content/plugins/woocommerce/packages/woocommerce-blocks/build/wc-blocks-style556e.css]
[lifelinewisdomdental.com.au/wp-includes/css/classic-themes.min68b3.css]
[lifelinewisdomdental.com.au/wp-content/plugins/contact-form-7/includes/css/styles4999.css]
[lifelinewisdomdental.com.au/wp-content/plugins/cookie-law-info/legacy/public/css/cookie-law-info-public6173.css]
[lifelinewisdomdental.com.au/wp-content/plugins/cookie-law-info/legacy/public/css/cookie-law-info-gdpr6173.css]
[lifelinewisdomdental.com.au/wp-content/plugins/timetable/style/jquery.qtip6a4d.css]
[lifelinewisdomdental.com.au/wp-content/themes/yoga-fit/style8a54.css]
[lifelinewisdomdental.com.au/wp-content/themes/yoga-fit/img/select.png]
[lifelinewisdomdental.com.au/wp-content/themes/yoga-fit/css/style8a54.css]
[lifelinewisdomdental.com.au/wp-content/themes/yoga-fit/css/adaptive8a54.css]
[lifelinewisdomdental.com.au/wp-content/themes/yoga-fit/css/retina8a54.css]
[lifelinewisdomdental.com.au/wp-content/themes/yoga-fit/css/fonts/fontelloac2f.eot]
[lifelinewisdomdental.com.au/wp-content/themes/yoga-fit/css/fonts/fontelloac2f.woff]
[lifelinewisdomdental.com.au/wp-content/themes/yoga-fit/css/fonts/fontelloac2f.ttf]
[lifelinewisdomdental.com.au/wp-content/themes/yoga-fit/css/fontello8a54.css]
[lifelinewisdomdental.com.au/wp-content/themes/yoga-fit/css/cmsms-theme-icons-set8a54.css]
[lifelinewisdomdental.com.au/wp-content/themes/yoga-fit/css/animate8a54.css]
[lifelinewisdomdental.com.au/wp-content/themes/yoga-fit/css/jquery.isotope57bd.css]
[lifelinewisdomdental.com.au/wp-content/themes/yoga-fit/css/cmsms-woo-style8a54.css]
[lifelinewisdomdental.com.au/wp-content/themes/yoga-fit/css/cmsms-woo-adaptive8a54.css]
[lifelinewisdomdental.com.au/wp-content/themes/yoga-fit/css/cmsms-events-v2-style8a54.css]
[lifelinewisdomdental.com.au/wp-content/themes/yoga-fit/css/cmsms-timetable-style8a54.css]
[lifelinewisdomdental.com.au/wp-content/themes/yoga-fit/css/cmsms-timetable-adaptive8a54.css]
[lifelinewisdomdental.com.au/wp-content/themes/yoga-fit/css/ilightbox3601.css]
[lifelinewisdomdental.com.au/wp-content/themes/yoga-fit/img/ilightbox/dark-skin/preloader.gif]
[lifelinewisdomdental.com.au/wp-content/themes/yoga-fit/img/ilightbox/dark-skin/caption-bg.png]
[lifelinewisdomdental.com.au/wp-content/themes/yoga-fit/img/ilightbox/dark-skin/alert.png]
[lifelinewisdomdental.com.au/wp-content/themes/yoga-fit/img/ilightbox/dark-skin/buttons.png]
[lifelinewisdomdental.com.au/wp-content/themes/yoga-fit/img/ilightbox/dark-skin/fullscreen-icon-64.png]
[lifelinewisdomdental.com.au/wp-content/themes/yoga-fit/img/ilightbox/dark-skin/fullscreen-icon-ie.png]
[lifelinewisdomdental.com.au/wp-content/themes/yoga-fit/img/ilightbox/dark-skin/x-mark-icon-ie.png]
[lifelinewisdomdental.com.au/wp-content/themes/yoga-fit/img/ilightbox/dark-skin/arrow-next-icon-64.png]
[lifelinewisdomdental.com.au/wp-content/themes/yoga-fit/img/ilightbox/dark-skin/arrow-next-icon-ie.png]
[lifelinewisdomdental.com.au/wp-content/themes/yoga-fit/img/ilightbox/dark-skin/arrow-prev-icon-64.png]
[lifelinewisdomdental.com.au/wp-content/themes/yoga-fit/img/ilightbox/dark-skin/play-icon-64.png]
[lifelinewisdomdental.com.au/wp-content/themes/yoga-fit/img/ilightbox/dark-skin/play-icon-ie.png]
[lifelinewisdomdental.com.au/wp-content/themes/yoga-fit/img/ilightbox/dark-skin/pause-icon-64.png]
[lifelinewisdomdental.com.au/wp-content/themes/yoga-fit/img/ilightbox/dark-skin/pause-icon-ie.png]
[lifelinewisdomdental.com.au/wp-content/themes/yoga-fit/img/ilightbox/dark-skin/thumb-overlay-play.png]
[lifelinewisdomdental.com.au/wp-content/themes/yoga-fit/img/ilightbox/dark-skin/arrow-next-vertical-icon-64.png]
[lifelinewisdomdental.com.au/wp-content/themes/yoga-fit/img/ilightbox/dark-skin/arrow-prev-vertical-icon-64.png]
[lifelinewisdomdental.com.au/wp-content/themes/yoga-fit/css/ilightbox-skins/dark-skin3601.css]
[lifelinewisdomdental.com.au/wp-content/uploads/cmsms_styles/yoga-fit8a54.css]
[lifelinewisdomdental.com.au/wp-content/themes/yoga-fit/gutenberg/css/frontend-style8a54.css]
[lifelinewisdomdental.com.au/wp-content/plugins/jetpack/modules/shortcodes/img/slideshow-controls.png]
[lifelinewisdomdental.com.au/wp-content/plugins/jetpack/modules/shortcodes/img/slideshow-controls-2x.png]
[lifelinewisdomdental.com.au/wp-content/plugins/jetpack/modules/shortcodes/images/slide-nav.png]
[lifelinewisdomdental.com.au/wp-content/plugins/jetpack/modules/shortcodes/images/expand.png]
[lifelinewisdomdental.com.au/wp-content/plugins/jetpack/modules/shortcodes/images/collapse.png]
[secure.gravatar.com/images/grav-share-sprite.png]
[lifelinewisdomdental.com.au/wp-content/plugins/jetpack/css/jetpack0264.css]
[lifelinewisdomdental.com.au/wp-includes/wlwmanifest.html]
[lifelinewisdomdental.com.au/wp-json/wp/v2/pages/60.json]
[lifelinewisdomdental.com.au/wp-json/oembed/1.0/embed6f6c.json]
[lifelinewisdomdental.com.au/wp-json/oembed/1.0/embed40d4]
[i0.wp.com/lifelinewisdomdental.com.au/wp-content/uploads/2021/12/5-26497.jpg]
[lifelinewisdomdental.com.au/about/index.html]
[lifelinewisdomdental.com.au/treatments/feed/index.html]
[lifelinewisdomdental.com.au/wp-json/wp/v2/pages/907.json]
[lifelinewisdomdental.com.au/wp-json/oembed/1.0/embed05d0.json]
[lifelinewisdomdental.com.au/wp-json/oembed/1.0/embedd69e]
[i0.wp.com/lifelinewisdomdental.com.au/wp-content/uploads/2015/04/bg3-17efa.jpg]
[i0.wp.com/lifelinewisdomdental.com.au/wp-content/uploads/2015/05/clear-aligners7efa.jpg]
[i0.wp.com/lifelinewisdomdental.com.au/wp-content/uploads/2015/08/23669667efa.jpg]
[lifelinewisdomdental.com.au/children-dental/index.html]
[i0.wp.com/lifelinewisdomdental.com.au/wp-content/uploads/2015/08/dentist-1864921_19207efa.jpg]
[i0.wp.com/lifelinewisdomdental.com.au/wp-content/uploads/2015/04/1497369005fe2c.jpg]
[lifelinewisdomdental.com.au/clear-aligners-therapy/index.html]
[lifelinewisdomdental.com.au/dental-fillings-restorations/index.html]
[i0.wp.com/lifelinewisdomdental.com.au/wp-content/uploads/2015/04/denture-27efa.jpg]
[i0.wp.com/lifelinewisdomdental.com.au/wp-content/uploads/2015/04/denture-2698b.jpg]
[lifelinewisdomdental.com.au/dental-checkup/index.html]
[i0.wp.com/lifelinewisdomdental.com.au/wp-content/uploads/2015/04/dental-thumb-1b5cd.jpg]
[i0.wp.com/lifelinewisdomdental.com.au/wp-content/uploads/2015/08/emergencyd756.jpg]
[i0.wp.com/lifelinewisdomdental.com.au/wp-content/uploads/2015/08/fissure-sealantffbf.jpg]
[lifelinewisdomdental.com.au/treatments/index.html]
[lifelinewisdomdental.com.au/dentures/index.html]
[lifelinewisdomdental.com.au/project/dental-x-ray/index.html]
[lifelinewisdomdental.com.au/emergency-dental/index.html]
[lifelinewisdomdental.com.au/wp-json/wp/v2/pages/401.json]
[lifelinewisdomdental.com.au/wp-json/oembed/1.0/embed2756.json]
[lifelinewisdomdental.com.au/project/fissure-sealant/index.html]
[lifelinewisdomdental.com.au/wp-json/oembed/1.0/embed2ded]
[i0.wp.com/lifelinewisdomdental.com.au/wp-content/uploads/2021/12/afterpay-200pxa9c6.jpg]
[i0.wp.com/lifelinewisdomdental.com.au/wp-content/uploads/2021/12/denticare-logo8ae2.jpg]
[i0.wp.com/lifelinewisdomdental.com.au/wp-content/uploads/2021/12/hicaps-logo8ae2.jpg]
[i0.wp.com/lifelinewisdomdental.com.au/wp-content/uploads/2021/12/medicare-cdbs-logo-200-1cf00.jpg]
[i0.wp.com/lifelinewisdomdental.com.au/wp-content/uploads/2021/12/dva-logo-23041a3.jpg]
[lifelinewisdomdental.com.au/promotions/index.html]
[lifelinewisdomdental.com.au/wp-json/wp/v2/pages/5297.json]
[lifelinewisdomdental.com.au/wp-json/oembed/1.0/embed094b.json]
[lifelinewisdomdental.com.au/wp-json/oembed/1.0/embedf305]
[i0.wp.com/lifelinewisdomdental.com.au/wp-content/uploads/2021/12/individual795b.png]
[i0.wp.com/lifelinewisdomdental.com.au/wp-content/uploads/2021/12/area-with-pins795b.png]
[i0.wp.com/lifelinewisdomdental.com.au/wp-content/uploads/2021/12/enterprise795b.png]
[i0.wp.com/lifelinewisdomdental.com.au/wp-content/uploads/2021/12/mobile-home4cff.png]
[lifelinewisdomdental.com.au/mobile-dental/index.html]
[lifelinewisdomdental.com.au/wp-json/wp/v2/pages/63.json]
[lifelinewisdomdental.com.au/wp-json/oembed/1.0/embed20f8.json]
[lifelinewisdomdental.com.au/wp-json/oembed/1.0/embed8cc3]
[lifelinewisdomdental.com.au/careers/index.html]
[lifelinewisdomdental.com.au/wp-json/wp/v2/pages/4952.json]
[lifelinewisdomdental.com.au/contact/feed/index.html]
[lifelinewisdomdental.com.au/wp-json/oembed/1.0/embedf3a2.json]
[lifelinewisdomdental.com.au/wp-json/oembed/1.0/embedca62]
[lifelinewisdomdental.com.au/wp-content/themes/yoga-fit/js/jquery.gMap.min55a0.js]
[lifelinewisdomdental.com.au/contact/index.html]
[lifelinewisdomdental.com.au/wp-content/plugins/cmsms-content-composer/index.html]
[lifelinewisdomdental.com.au/project/private-small-group-lessons-your-yogafit/feed/index.html]
[lifelinewisdomdental.com.au/wp-json/wp/v2/project/1155.json]
[lifelinewisdomdental.com.au/wp-json/oembed/1.0/embed2c35.json]
[lifelinewisdomdental.com.au/wp-json/oembed/1.0/embed01ab]
[i0.wp.com/lifelinewisdomdental.com.au/wp-content/uploads/2015/07/0649a2.jpg]
[i0.wp.com/lifelinewisdomdental.com.au/wp-content/uploads/2015/07/041b50.jpg]
[i0.wp.com/lifelinewisdomdental.com.au/wp-content/uploads/2015/07/051b50.jpg]
[lifelinewisdomdental.com.au/project/private-small-group-lessons-your-yogafit/index.html]
[lifelinewisdomdental.com.au/project/index.html]
[lifelinewisdomdental.com.au/wp-json/wp/v2/pages/9191.json]
[lifelinewisdomdental.com.au/wp-json/oembed/1.0/embedc902.json]
[lifelinewisdomdental.com.au/wp-json/oembed/1.0/embed5086]
[i0.wp.com/lifelinewisdomdental.com.au/wp-content/uploads/2022/02/dental-bridges3bf9.jpg]
[i0.wp.com/lifelinewisdomdental.com.au/wp-content/uploads/2022/01/bg-22-s827e.png]
[i0.wp.com/lifelinewisdomdental.com.au/wp-content/uploads/2022/02/traditional27cda.jpg]
[i0.wp.com/lifelinewisdomdental.com.au/wp-content/uploads/2022/02/Dental-Bridgeseb45.jpg]
[i0.wp.com/lifelinewisdomdental.com.au/wp-content/uploads/2022/02/Dental-Bridges7cda.jpg]
[i0.wp.com/lifelinewisdomdental.com.au/wp-content/uploads/2022/02/maryland-bridge-teeth7cda.png]
[i0.wp.com/lifelinewisdomdental.com.au/wp-content/uploads/2022/02/crownedtooth4544.png]
[lifelinewisdomdental.com.au/crowns-and-bridges/index.html]
[lifelinewisdomdental.com.au/project/teeth-whitening/feed/index.html]
[lifelinewisdomdental.com.au/wp-json/wp/v2/project/774.json]
[lifelinewisdomdental.com.au/wp-json/oembed/1.0/embedd0cb.json]
[lifelinewisdomdental.com.au/wp-json/oembed/1.0/embedb4b1]
[i0.wp.com/lifelinewisdomdental.com.au/wp-content/uploads/2021/12/banner-slider-bg-grey29826.png]
[i0.wp.com/lifelinewisdomdental.com.au/wp-content/uploads/2015/04/dental-peeling-16f48.jpg]
[lifelinewisdomdental.com.au/project/teeth-whitening/index.html]
[lifelinewisdomdental.com.au/wp-json/wp/v2/project/617.json]
[lifelinewisdomdental.com.au/project/mouth-guards-night-guards/feed/index.html]
[lifelinewisdomdental.com.au/wp-json/oembed/1.0/embed1eec.json]
[lifelinewisdomdental.com.au/wp-json/oembed/1.0/embed4a17]
[i0.wp.com/lifelinewisdomdental.com.au/wp-content/uploads/2015/04/guard8f82.jpg]
[lifelinewisdomdental.com.au/project/mouth-guards-night-guards/index.html]
[lifelinewisdomdental.com.au/wp-json/wp/v2/project/611.json]
[lifelinewisdomdental.com.au/project/wisdom-tooth-or-tooth-extraction/feed/index.html]
[lifelinewisdomdental.com.au/wp-json/oembed/1.0/embed47ab.json]
[lifelinewisdomdental.com.au/wp-json/oembed/1.0/embedb8a7]
[i0.wp.com/lifelinewisdomdental.com.au/wp-content/uploads/2015/04/blog-s2032be3.jpg]
[i0.wp.com/lifelinewisdomdental.com.au/wp-content/uploads/2015/04/blog-s2039a26.jpg]
[lifelinewisdomdental.com.au/project/wisdom-tooth-or-tooth-extraction/index.html]
[lifelinewisdomdental.com.au/wp-json/wp/v2/project/606.json]
[lifelinewisdomdental.com.au/project/scale-clean/feed/index.html]
[lifelinewisdomdental.com.au/wp-json/oembed/1.0/embed0194.json]
[lifelinewisdomdental.com.au/wp-json/oembed/1.0/embedc02c]
[i0.wp.com/lifelinewisdomdental.com.au/wp-content/uploads/2013/04/15ca7.jpg]
[lifelinewisdomdental.com.au/project/scale-clean/index.html]
[lifelinewisdomdental.com.au/wp-json/wp/v2/pages/9332.json]
[lifelinewisdomdental.com.au/wp-json/oembed/1.0/embed93af.json]
[lifelinewisdomdental.com.au/wp-json/oembed/1.0/embedfb14]
[i0.wp.com/lifelinewisdomdental.com.au/wp-content/uploads/2022/02/1-19cce3.png]
[i0.wp.com/lifelinewisdomdental.com.au/wp-content/uploads/2022/02/1-24cce3.png]
[i0.wp.com/lifelinewisdomdental.com.au/wp-content/uploads/2022/02/1-18cce3.png]
[i0.wp.com/lifelinewisdomdental.com.au/wp-content/uploads/2022/02/1-26cce3.png]
[i0.wp.com/lifelinewisdomdental.com.au/wp-content/uploads/2022/02/1-40cce3.png]
[i0.wp.com/lifelinewisdomdental.com.au/wp-content/uploads/2022/02/1-39cce3.png]
[i0.wp.com/lifelinewisdomdental.com.au/wp-content/uploads/2022/02/1-38cce3.png]
[i0.wp.com/lifelinewisdomdental.com.au/wp-content/uploads/2022/02/1-37cce3.png]
[i0.wp.com/lifelinewisdomdental.com.au/wp-content/uploads/2022/02/1-36cce3.png]
[i0.wp.com/lifelinewisdomdental.com.au/wp-content/uploads/2022/02/1-35cce3.png]
[i0.wp.com/lifelinewisdomdental.com.au/wp-content/uploads/2022/02/1-34cce3.png]
[i0.wp.com/lifelinewisdomdental.com.au/wp-content/uploads/2022/02/1-33cce3.png]
[i0.wp.com/lifelinewisdomdental.com.au/wp-content/uploads/2022/02/1-31cce3.png]
[i0.wp.com/lifelinewisdomdental.com.au/wp-content/uploads/2022/02/1-30cce3.png]
[i0.wp.com/lifelinewisdomdental.com.au/wp-content/uploads/2022/02/1-29cce3.png]
[i0.wp.com/lifelinewisdomdental.com.au/wp-content/uploads/2022/02/1-28cce3.png]
[i0.wp.com/lifelinewisdomdental.com.au/wp-content/uploads/2022/02/1-27cce3.png]
[i0.wp.com/lifelinewisdomdental.com.au/wp-content/uploads/2022/02/1-25cce3.png]
[i0.wp.com/lifelinewisdomdental.com.au/wp-content/uploads/2022/02/1-23cce3.png]
[i0.wp.com/lifelinewisdomdental.com.au/wp-content/uploads/2022/02/1-22cce3.png]
[i0.wp.com/lifelinewisdomdental.com.au/wp-content/uploads/2022/02/1-21cce3.png]
[i0.wp.com/lifelinewisdomdental.com.au/wp-content/uploads/2022/02/1-20cce3.png]
[i0.wp.com/lifelinewisdomdental.com.au/wp-content/uploads/2022/02/1-17cce3.png]
[i0.wp.com/lifelinewisdomdental.com.au/wp-content/uploads/2022/02/1-16cce3.png]
[i0.wp.com/lifelinewisdomdental.com.au/wp-content/uploads/2022/02/1-15cce3.png]
[i0.wp.com/lifelinewisdomdental.com.au/wp-content/uploads/2022/02/1-14cce3.png]
[i0.wp.com/lifelinewisdomdental.com.au/wp-content/uploads/2022/02/1-13cce3.png]
[i0.wp.com/lifelinewisdomdental.com.au/wp-content/uploads/2022/02/1-11cce3.png]
[i0.wp.com/lifelinewisdomdental.com.au/wp-content/uploads/2022/02/1-10cce3.png]
[i0.wp.com/lifelinewisdomdental.com.au/wp-content/uploads/2022/02/1-9cce3.png]
[i0.wp.com/lifelinewisdomdental.com.au/wp-content/uploads/2022/02/1-8cce3.png]
[i0.wp.com/lifelinewisdomdental.com.au/wp-content/uploads/2022/02/1-7cce3.png]
[i0.wp.com/lifelinewisdomdental.com.au/wp-content/uploads/2022/02/1-6cce3.png]
[i0.wp.com/lifelinewisdomdental.com.au/wp-content/uploads/2022/02/1-5cce3.png]
[i0.wp.com/lifelinewisdomdental.com.au/wp-content/uploads/2022/02/1-4cce3.png]
[i0.wp.com/lifelinewisdomdental.com.au/wp-content/uploads/2022/02/1-3cce3.png]
[i0.wp.com/lifelinewisdomdental.com.au/wp-content/uploads/2022/02/1-2cce3.png]
[lifelinewisdomdental.com.au/health-funds/index.html]
[lifelinewisdomdental.com.au/wp-json/wp/v2/pages/2430.json]
[lifelinewisdomdental.com.au/faq/feed/index.html]
[lifelinewisdomdental.com.au/wp-json/oembed/1.0/embed0a37.json]
[lifelinewisdomdental.com.au/wp-json/oembed/1.0/embed21f0]
[lifelinewisdomdental.com.au/faq/index.html]
[lifelinewisdomdental.com.au/wp-content/plugins/revslider/public/assets/fonts/font-awesome/fonts/fontawesome-webfont3e6e.eot]
[lifelinewisdomdental.com.au/wp-content/plugins/revslider/public/assets/fonts/font-awesome/fonts/fontawesome-webfontd41d.eot]
[lifelinewisdomdental.com.au/wp-content/plugins/revslider/public/assets/fonts/font-awesome/fonts/fontawesome-webfont3e6e.woff]
[lifelinewisdomdental.com.au/wp-content/plugins/revslider/public/assets/fonts/font-awesome/fonts/fontawesome-webfont3e6e.ttf]
[lifelinewisdomdental.com.au/wp-content/plugins/revslider/public/assets/fonts/font-awesome/css/font-awesome.css]
[lifelinewisdomdental.com.au/wp-content/plugins/revslider/public/assets/fonts/revicons/revicons90c6.eot]
[lifelinewisdomdental.com.au/wp-content/plugins/revslider/public/assets/fonts/revicons/revicons90c6.ttf]
[lifelinewisdomdental.com.au/wp-content/plugins/revslider/public/assets/assets/gridtile.png]
[lifelinewisdomdental.com.au/wp-content/plugins/revslider/public/assets/assets/gridtile_white.png]
[lifelinewisdomdental.com.au/wp-content/plugins/revslider/public/assets/assets/gridtile_3x3.png]
[lifelinewisdomdental.com.au/wp-content/plugins/revslider/public/assets/assets/gridtile_3x3_white.png]
[lifelinewisdomdental.com.au/wp-content/plugins/revslider/public/assets/assets/coloredbg.png]
[lifelinewisdomdental.com.au/wp-content/plugins/revslider/public/assets/assets/loader.gif]
[lifelinewisdomdental.com.au/wp-content/plugins/revslider/public/assets/css/rs65bdf.css]
[lifelinewisdomdental.com.au/wp-includes/js/mediaelement/mejs-controls.svg]
[lifelinewisdomdental.com.au/wp-content/themes/yoga-fit/img/ilightbox/closedhand.html]
[lifelinewisdomdental.com.au/wp-content/themes/yoga-fit/css/fonts/fontelloac2f.eot]
[lifelinewisdomdental.com.au/index0721.html]
[lifelinewisdomdental.com.au/indexa5c3.html]
[lifelinewisdomdental.com.au/wp-content/themes/yoga-fit/img/ilightbox/dark-skin/x-mark-icon-64.png]
[lifelinewisdomdental.com.au/wp-content/themes/yoga-fit/img/ilightbox/dark-skin/arrow-prev-icon-ie.png]
[lifelinewisdomdental.com.au/wp-json/wp/v2/pages/8952.json]
[lifelinewisdomdental.com.au/wp-json/oembed/1.0/embed91a5.json]
[lifelinewisdomdental.com.au/wp-json/oembed/1.0/embed53be]
[i0.wp.com/lifelinewisdomdental.com.au/wp-content/uploads/2021/12/bg3-1fbf8.jpg]
[i0.wp.com/lifelinewisdomdental.com.au/wp-content/uploads/2021/12/bg3d962.jpg]
[i0.wp.com/lifelinewisdomdental.com.au/wp-content/uploads/2021/12/er21bcf.png]
[lifelinewisdomdental.com.au/children-dental/index.html]
[lifelinewisdomdental.com.au/wp-json/wp/v2/pages/9058.json]
[lifelinewisdomdental.com.au/wp-json/oembed/1.0/embedda5d.json]
[lifelinewisdomdental.com.au/wp-json/oembed/1.0/embed72de]
[i0.wp.com/lifelinewisdomdental.com.au/wp-content/uploads/2022/02/slider2-0204a5.jpg]
[i0.wp.com/lifelinewisdomdental.com.au/wp-content/uploads/2022/01/underbite7753.png]
[i0.wp.com/lifelinewisdomdental.com.au/wp-content/uploads/2022/01/SPACING7753.png]
[i0.wp.com/lifelinewisdomdental.com.au/wp-content/uploads/2022/01/rotation7753.png]
[i0.wp.com/lifelinewisdomdental.com.au/wp-content/uploads/2022/01/overbite7753.png]
[i0.wp.com/lifelinewisdomdental.com.au/wp-content/uploads/2022/01/openbite7753.png]
[i0.wp.com/lifelinewisdomdental.com.au/wp-content/uploads/2022/01/crowding7753.png]
[i0.wp.com/lifelinewisdomdental.com.au/wp-content/uploads/2022/01/Aligner-in-hand2553a.png]
[lifelinewisdomdental.com.au/clear-aligners-therapy/index.html]
[lifelinewisdomdental.com.au/wp-json/wp/v2/pages/9240.json]
[lifelinewisdomdental.com.au/wp-json/oembed/1.0/embed0910.json]
[lifelinewisdomdental.com.au/wp-json/oembed/1.0/embed799c]
[i0.wp.com/lifelinewisdomdental.com.au/wp-content/uploads/2022/02/slider3df32.jpg]
[i0.wp.com/lifelinewisdomdental.com.au/wp-content/uploads/2022/02/img141942.png]
[lifelinewisdomdental.com.au/dental-checkup/index.html]
[lifelinewisdomdental.com.au/wp-json/wp/v2/pages/9257.json]
[lifelinewisdomdental.com.au/wp-json/oembed/1.0/embed9146.json]
[lifelinewisdomdental.com.au/wp-json/oembed/1.0/embedd5eb]
[i0.wp.com/lifelinewisdomdental.com.au/wp-content/uploads/2022/02/clean3430.png]
[i0.wp.com/lifelinewisdomdental.com.au/wp-content/uploads/2022/02/img-slider-03dfa0.png]
[lifelinewisdomdental.com.au/dental-fillings-restorations/index.html]
[lifelinewisdomdental.com.au/project/dental-x-ray/feed/index.html]
[lifelinewisdomdental.com.au/wp-json/wp/v2/project/619.json]
[lifelinewisdomdental.com.au/wp-json/oembed/1.0/embed854d.json]
[lifelinewisdomdental.com.au/wp-json/oembed/1.0/embed51fb]
[i0.wp.com/lifelinewisdomdental.com.au/wp-content/uploads/2015/04/14973690052027.jpg]
[lifelinewisdomdental.com.au/project/dental-x-ray/index.html]
[lifelinewisdomdental.com.au/wp-json/wp/v2/pages/9437.json]
[lifelinewisdomdental.com.au/wp-json/oembed/1.0/embed2c3a.json]
[lifelinewisdomdental.com.au/wp-json/oembed/1.0/embedf045]
[i0.wp.com/lifelinewisdomdental.com.au/wp-content/uploads/2022/03/Denturesd54e.jpg]
[i0.wp.com/lifelinewisdomdental.com.au/wp-content/uploads/2022/03/denture-1eb45.png]
[i0.wp.com/lifelinewisdomdental.com.au/wp-content/uploads/2022/03/denture-170a6.png]
[lifelinewisdomdental.com.au/dentures/index.html]
[lifelinewisdomdental.com.au/wp-json/wp/v2/pages/9459.json]
[lifelinewisdomdental.com.au/wp-json/oembed/1.0/embed3b12.json]
[lifelinewisdomdental.com.au/wp-json/oembed/1.0/embed000f]
[i0.wp.com/lifelinewisdomdental.com.au/wp-content/uploads/2022/03/emergency-dental0598.jpg]
[i0.wp.com/lifelinewisdomdental.com.au/wp-content/uploads/2022/03/247-emergency-dentalac8b.png]
[lifelinewisdomdental.com.au/emergency-dental/index.html]
[lifelinewisdomdental.com.au/project/fissure-sealant/feed/index.html]
[lifelinewisdomdental.com.au/wp-json/wp/v2/project/5806.json]
[lifelinewisdomdental.com.au/wp-json/oembed/1.0/embed004b.json]
[lifelinewisdomdental.com.au/wp-json/oembed/1.0/embedff4e]
[i0.wp.com/lifelinewisdomdental.com.au/wp-content/uploads/2015/08/fissure-sealant4a43.jpg]
[lifelinewisdomdental.com.au/project/fissure-sealant/index.html]
[lifelinewisdomdental.com.au/indexfef8.html]
[lifelinewisdomdental.com.au/index2a89.html]
[lifelinewisdomdental.com.au/index2cce.html]
[lifelinewisdomdental.com.au/contact/feed/index.html]
[lifelinewisdomdental.com.au/index0741.html]
[lifelinewisdomdental.com.au/indexc494.html]
[lifelinewisdomdental.com.au/wp-content/themes/yoga-fit/img/heading_bg.jpg]
[i0.wp.com/lifelinewisdomdental.com.au/wp-content/uploads/2015/08/23669664aad.jpg]
[i0.wp.com/lifelinewisdomdental.com.au/wp-content/uploads/2015/08/dentist-1864921_192043af.jpg]
[lifelinewisdomdental.com.au/project/feed/index.html]
[lifelinewisdomdental.com.au/project/page/2/index.html]
[i0.wp.com/lifelinewisdomdental.com.au/wp-content/uploads/2015/08/veneers24aad.jpg]
[i0.wp.com/lifelinewisdomdental.com.au/wp-content/uploads/2015/05/root-canal4aad.jpg]
[lifelinewisdomdental.com.au/project/dental-checkup/index.html]
[lifelinewisdomdental.com.au/author/admin/index.html]
[lifelinewisdomdental.com.au/pj-categs/general-dentistry/index.html]
[i0.wp.com/lifelinewisdomdental.com.au/wp-content/uploads/2015/05/clear-aligners4aad.jpg]
[lifelinewisdomdental.com.au/project/dental-fillings-restorations/index.html]
[lifelinewisdomdental.com.au/pj-categs/preventative-dentistry/index.html]
[lifelinewisdomdental.com.au/project/emergency-dental/index.html]
[i0.wp.com/lifelinewisdomdental.com.au/wp-content/uploads/2015/04/dental-peeling-14aad.jpg]
[lifelinewisdomdental.com.au/project/veneers/index.html]
[lifelinewisdomdental.com.au/project/index.html]
[lifelinewisdomdental.com.au/pj-categs/cosmetic-dentistry/index.html]
[lifelinewisdomdental.com.au/pj-categs/home/index.html]
[lifelinewisdomdental.com.au/indexa8d4.html]
[lifelinewisdomdental.com.au/index5c49.html]
[lifelinewisdomdental.com.au/indexb702.html]
[lifelinewisdomdental.com.au/indexce2e.html]
[lifelinewisdomdental.com.au/index6e9c.html]
[i0.wp.com/lifelinewisdomdental.com.au/wp-content/uploads/2022/02/1-32cce3.html]
[lifelinewisdomdental.com.au/index8f6a.html]
[lifelinewisdomdental.com.au/wp-content/plugins/revslider/public/assets/fonts/font-awesome/fonts/fontawesome-webfont3e6e.svg]
[lifelinewisdomdental.com.au/wp-content/plugins/revslider/public/assets/fonts/revicons/revicons90c6.svg]
[lifelinewisdomdental.com.au/wp-content/plugins/revslider/public/assets/css/openhand.html]
[lifelinewisdomdental.com.au/wp-content/plugins/revslider/public/assets/css/closedhand.html]
[lifelinewisdomdental.com.au/wp-content/themes/yoga-fit/css/fonts/fontelloac2f.svg]
[lifelinewisdomdental.com.au/index5348.html]
[lifelinewisdomdental.com.au/indexcf85.html]
[lifelinewisdomdental.com.au/index8183.html]
[lifelinewisdomdental.com.au/index5e85.html]
[lifelinewisdomdental.com.au/index7867.html]
[lifelinewisdomdental.com.au/index97f6.html]
[lifelinewisdomdental.com.au/index9a9c.html]
[lifelinewisdomdental.com.au/index815d.html]
[lifelinewisdomdental.com.au/project/clear-aligners-therapy/index.html]
[i0.wp.com/lifelinewisdomdental.com.au/wp-content/uploads/2015/04/denture-24aad.jpg]
[i0.wp.com/lifelinewisdomdental.com.au/wp-content/uploads/2015/04/bg3-14aad.jpg]
[i0.wp.com/lifelinewisdomdental.com.au/wp-content/uploads/2015/04/blog-s2034aad.jpg]
[lifelinewisdomdental.com.au/project/page/2/index.html]
[lifelinewisdomdental.com.au/project/dentures/index.html]
[lifelinewisdomdental.com.au/project/children-dental/index.html]
[lifelinewisdomdental.com.au/wp-json/wp/v2/project/5818.json]
[lifelinewisdomdental.com.au/project/dental-checkup/feed/index.html]
[lifelinewisdomdental.com.au/wp-json/oembed/1.0/embed3b0f.json]
[lifelinewisdomdental.com.au/wp-json/oembed/1.0/embede5ec]
[i0.wp.com/lifelinewisdomdental.com.au/wp-content/uploads/2015/08/2366966d96e.jpg]
[i0.wp.com/lifelinewisdomdental.com.au/wp-content/uploads/2015/04/blog-s203a06c.jpg]
[i0.wp.com/lifelinewisdomdental.com.au/wp-content/uploads/2015/05/root-canala06c.jpg]
[i0.wp.com/lifelinewisdomdental.com.au/wp-content/uploads/2015/04/dental-peeling-1a06c.jpg]
[i0.wp.com/lifelinewisdomdental.com.au/wp-content/uploads/2013/04/1323f.jpg]
[i0.wp.com/lifelinewisdomdental.com.au/wp-content/uploads/2015/08/dentist-1864921_1920a06c.jpg]
[i0.wp.com/lifelinewisdomdental.com.au/wp-content/uploads/2015/08/emergency79b4.jpg]
[i0.wp.com/lifelinewisdomdental.com.au/wp-content/uploads/2015/08/fissure-sealanta06c.jpg]
[i0.wp.com/lifelinewisdomdental.com.au/wp-content/uploads/2015/08/veneers2a06c.jpg]
[lifelinewisdomdental.com.au/project/dental-checkup/index.html]
[lifelinewisdomdental.com.au/author/admin/feed/index.html]
[lifelinewisdomdental.com.au/wp-json/wp/v2/users/1.json]
[lifelinewisdomdental.com.au/author/admin/page/2/index.html]
[i0.wp.com/lifelinewisdomdental.com.au/wp-content/uploads/2015/07/034aad.jpg]
[i0.wp.com/lifelinewisdomdental.com.au/wp-content/uploads/2015/07/044aad.jpg]
[i0.wp.com/lifelinewisdomdental.com.au/wp-content/uploads/2015/07/054aad.jpg]
[i0.wp.com/lifelinewisdomdental.com.au/wp-content/uploads/2015/07/064aad.jpg]
[lifelinewisdomdental.com.au/2021/12/02/hello-world/index.html]
[lifelinewisdomdental.com.au/category/uncategorized/index.html]
[i0.wp.com/lifelinewisdomdental.com.au/wp-content/uploads/2015/07/014aad.jpg]
[lifelinewisdomdental.com.au/2015/07/29/yogas-power-to-cure-depression/index.html]
[lifelinewisdomdental.com.au/category/news/index.html]
[lifelinewisdomdental.com.au/category/position/index.html]
[i0.wp.com/lifelinewisdomdental.com.au/wp-content/uploads/2015/07/0249a2.jpg]
[lifelinewisdomdental.com.au/category/events/index.html]
[lifelinewisdomdental.com.au/2015/07/29/tips-for-getting-started/index.html]
[lifelinewisdomdental.com.au/2015/07/29/yoga-mistakes-to-avoid/index.html]
[i0.wp.com/lifelinewisdomdental.com.au/wp-content/uploads/2015/07/024aad.jpg]
[i0.wp.com/lifelinewisdomdental.com.au/wp-content/uploads/2015/07/0149a2.jpg]
[lifelinewisdomdental.com.au/2015/05/12/qa-with-ryanne/index.html]
[lifelinewisdomdental.com.au/2015/07/29/6-yoga-poses-for-lower-back-pain/index.html]
[lifelinewisdomdental.com.au/author/admin/index.html]
[lifelinewisdomdental.com.au/2015/07/27/the-best-yoga-poses-to-relieve-soreness/index.html]
[lifelinewisdomdental.com.au/2015/05/12/the-importance-of-meditation/index.html]
[lifelinewisdomdental.com.au/2015/04/29/5-yoga-poses-for-people-who-sit-all-day/index.html]
[lifelinewisdomdental.com.au/2015/04/16/meet-yogafit-ambassador-grace/index.html]
[lifelinewisdomdental.com.au/wp-json/wp/v2/pj-categs/59.json]
[lifelinewisdomdental.com.au/pj-categs/general-dentistry/index.html]
[lifelinewisdomdental.com.au/pj-categs/general-dentistry/feed/index.html]
[lifelinewisdomdental.com.au/author/admin/page/3/index.html]
[lifelinewisdomdental.com.au/wp-json/wp/v2/project/5816.json]
[lifelinewisdomdental.com.au/project/dental-fillings-restorations/feed/index.html]
[lifelinewisdomdental.com.au/wp-json/oembed/1.0/embeddfa5.json]
[lifelinewisdomdental.com.au/wp-json/oembed/1.0/embeda93e]
[i0.wp.com/lifelinewisdomdental.com.au/wp-content/uploads/2015/08/dentist-1864921_1920f985.jpg]
[i0.wp.com/lifelinewisdomdental.com.au/wp-content/uploads/2015/08/2366966a06c.jpg]
[lifelinewisdomdental.com.au/project/dental-fillings-restorations/index.html]
[lifelinewisdomdental.com.au/project/emergency-dental/feed/index.html]
[lifelinewisdomdental.com.au/wp-json/wp/v2/project/5810.json]
[lifelinewisdomdental.com.au/wp-json/oembed/1.0/embed8350.json]
[lifelinewisdomdental.com.au/wp-json/oembed/1.0/embedaaad]
[i0.wp.com/lifelinewisdomdental.com.au/wp-content/uploads/2015/08/emergency0dd3.jpg]
[lifelinewisdomdental.com.au/project/emergency-dental/index.html]
[lifelinewisdomdental.com.au/pj-categs/preventative-dentistry/index.html]
[lifelinewisdomdental.com.au/project/veneers/feed/index.html]
[lifelinewisdomdental.com.au/wp-json/wp/v2/project/5801.json]
[lifelinewisdomdental.com.au/wp-json/oembed/1.0/embed130b.json]
[lifelinewisdomdental.com.au/wp-json/oembed/1.0/embedba4d]
[i0.wp.com/lifelinewisdomdental.com.au/wp-content/uploads/2015/08/veneers26318.jpg]
[lifelinewisdomdental.com.au/project/veneers/index.html]
[lifelinewisdomdental.com.au/pj-categs/cosmetic-dentistry/feed/index.html]
[lifelinewisdomdental.com.au/wp-json/wp/v2/pj-categs/61.json]
[lifelinewisdomdental.com.au/pj-categs/cosmetic-dentistry/index.html]
[lifelinewisdomdental.com.au/wp-json/wp/v2/pj-categs/41.json]
[lifelinewisdomdental.com.au/pj-categs/home/index.html]
[lifelinewisdomdental.com.au/pj-categs/home/feed/index.html]
[lifelinewisdomdental.com.au/wp-json/wp/v2/project/1146.json]
[lifelinewisdomdental.com.au/project/crowns-and-bridges/index.html]
[lifelinewisdomdental.com.au/project/clear-aligners-therapy/feed/index.html]
[lifelinewisdomdental.com.au/wp-json/oembed/1.0/embede003.json]
[lifelinewisdomdental.com.au/wp-json/oembed/1.0/embed0e5c]
[i0.wp.com/lifelinewisdomdental.com.au/wp-content/uploads/2015/05/clear-aligners2be3.jpg]
[i0.wp.com/lifelinewisdomdental.com.au/wp-content/uploads/2015/05/clear-alignersb2fd.jpg]
[lifelinewisdomdental.com.au/project/clear-aligners-therapy/index.html]
[lifelinewisdomdental.com.au/index385e.html]
[lifelinemedicals.net/denti/wp-content/uploads/2021/12/emergency.jpg]
[lifelinemedicals.net/denti/wp-content/uploads/2015/05/clear-aligners.jpg]
[lifelinemedicals.net/denti/wp-content/uploads/2021/12/bg5.jpg]
[lifelinemedicals.net/denti/wp-content/uploads/2022/02/dental-crown2.jpg]
[lifelinewisdomdental.com.au/project/dentures/feed/index.html]
[lifelinewisdomdental.com.au/wp-json/wp/v2/project/615.json]
[lifelinewisdomdental.com.au/wp-json/oembed/1.0/embed9376.json]
[lifelinewisdomdental.com.au/wp-json/oembed/1.0/embeddb62]
[lifelinewisdomdental.com.au/project/dentures/index.html]
[lifelinewisdomdental.com.au/wp-json/wp/v2/project/613.json]
[lifelinewisdomdental.com.au/project/children-dental/feed/index.html]
[lifelinewisdomdental.com.au/wp-json/oembed/1.0/embed0f29.json]
[lifelinewisdomdental.com.au/wp-json/oembed/1.0/embede5f0]
[i0.wp.com/lifelinewisdomdental.com.au/wp-content/uploads/2015/04/bg3-1fbf8.jpg]
[i0.wp.com/lifelinewisdomdental.com.au/wp-content/uploads/2015/04/bg3-19a26.jpg]
[lifelinewisdomdental.com.au/project/children-dental/index.html]
[lifelinewisdomdental.com.au/project/page/1/index.html]
[lifelinewisdomdental.com.au/index2e53.html]
[lifelinewisdomdental.com.au/author/admin/page/2/index.html]
[lifelinewisdomdental.com.au/2015/04/15/what-is-yoga/index.html]
[lifelinewisdomdental.com.au/2015/04/15/12-ways-yoga-transforms-your-body/index.html]
[lifelinewisdomdental.com.au/2015/04/15/introducing-yogafit-essential-oils/index.html]
[lifelinewisdomdental.com.au/2015/04/15/tammys-journey-to-yoga/index.html]
[lifelinewisdomdental.com.au/wp-json/wp/v2/posts/1.json]
[lifelinewisdomdental.com.au/category/healty-eating/index.html]
[lifelinewisdomdental.com.au/2015/04/15/home-remedies-to-cure-your-sweet-tooth/index.html]
[lifelinewisdomdental.com.au/2015/04/15/top-8-yoga-postures-for-pregnant-women/index.html]
[lifelinewisdomdental.com.au/wp-json/oembed/1.0/embedc143.json]
[lifelinewisdomdental.com.au/2015/04/15/how-to-stay-fit-happy-and-healthy/index.html]
[lifelinewisdomdental.com.au/2014/06/12/why-you-should-go-to-yoga/index.html]
[lifelinewisdomdental.com.au/2014/05/29/make-change-happen-volunteer/index.html]
[lifelinewisdomdental.com.au/wp-json/oembed/1.0/embed3ce1]
[lifelinewisdomdental.com.au/2021/12/02/hello-world/index.html]
[lifelinewisdomdental.com.au/2021/12/02/hello-world/feed/index.html]
[lifelinewisdomdental.com.au/2014/05/29/the-benefits-of-building-strength/index.html]
[lifelinewisdomdental.com.au/wp-json/wp/v2/categories/1.json]
[lifelinewisdomdental.com.au/category/uncategorized/index.html]
[lifelinewisdomdental.com.au/category/uncategorized/feed/index.html]
[lifelinewisdomdental.com.au/2015/07/29/yogas-power-to-cure-depression/feed/index.html]
[lifelinewisdomdental.com.au/wp-json/wp/v2/posts/5032.json]
[lifelinewisdomdental.com.au/wp-json/oembed/1.0/embedf118.json]
[lifelinewisdomdental.com.au/wp-json/oembed/1.0/embedc859]
[i0.wp.com/lifelinewisdomdental.com.au/wp-content/uploads/2015/07/01a06c.jpg]
[i0.wp.com/lifelinewisdomdental.com.au/wp-content/uploads/2015/07/04a06c.jpg]
[i0.wp.com/lifelinewisdomdental.com.au/wp-content/uploads/2015/07/06a06c.jpg]
[i0.wp.com/lifelinewisdomdental.com.au/wp-content/uploads/2015/07/02a06c.jpg]
[lifelinewisdomdental.com.au/2015/07/29/yogas-power-to-cure-depression/index.html]
[lifelinewisdomdental.com.au/category/news/feed/index.html]
[lifelinewisdomdental.com.au/wp-json/wp/v2/categories/24.json]
[lifelinewisdomdental.com.au/category/news/index.html]
[lifelinewisdomdental.com.au/category/news/page/2/index.html]
[lifelinewisdomdental.com.au/category/position/feed/index.html]
[lifelinewisdomdental.com.au/wp-json/wp/v2/categories/25.json]
[lifelinewisdomdental.com.au/category/position/index.html]
[lifelinewisdomdental.com.au/2015/07/29/tips-for-getting-started/feed/index.html]
[lifelinewisdomdental.com.au/wp-json/wp/v2/posts/5030.json]
[lifelinewisdomdental.com.au/wp-json/oembed/1.0/embedb5d9.json]
[lifelinewisdomdental.com.au/wp-json/oembed/1.0/embedc87f]
[lifelinewisdomdental.com.au/2015/07/29/tips-for-getting-started/index.html]
[lifelinewisdomdental.com.au/2015/07/29/yoga-mistakes-to-avoid/feed/index.html]
[lifelinewisdomdental.com.au/wp-json/wp/v2/posts/5028.json]
[lifelinewisdomdental.com.au/wp-json/oembed/1.0/embed4c20.json]
[lifelinewisdomdental.com.au/wp-json/oembed/1.0/embed497e]
[lifelinewisdomdental.com.au/2015/07/29/yoga-mistakes-to-avoid/index.html]
[lifelinewisdomdental.com.au/category/events/feed/index.html]
[lifelinewisdomdental.com.au/wp-json/wp/v2/categories/22.json]
[lifelinewisdomdental.com.au/category/events/index.html]
[lifelinewisdomdental.com.au/2015/07/29/6-yoga-poses-for-lower-back-pain/feed/index.html]
[lifelinewisdomdental.com.au/wp-json/wp/v2/posts/5026.json]
[lifelinewisdomdental.com.au/wp-json/oembed/1.0/embed008e.json]
[lifelinewisdomdental.com.au/wp-json/oembed/1.0/embed53f9]
[i0.wp.com/lifelinewisdomdental.com.au/wp-content/uploads/2015/07/021b50.jpg]
[lifelinewisdomdental.com.au/2015/07/29/6-yoga-poses-for-lower-back-pain/index.html]
[lifelinewisdomdental.com.au/2015/07/27/the-best-yoga-poses-to-relieve-soreness/feed/index.html]
[lifelinewisdomdental.com.au/wp-json/wp/v2/posts/6551.json]
[lifelinewisdomdental.com.au/wp-json/oembed/1.0/embedea42.json]
[lifelinewisdomdental.com.au/wp-json/oembed/1.0/embed5641]
[lifelinewisdomdental.com.au/2015/07/27/the-best-yoga-poses-to-relieve-soreness/index.html]
[lifelinewisdomdental.com.au/2015/05/12/qa-with-ryanne/feed/index.html]
[lifelinewisdomdental.com.au/wp-json/wp/v2/posts/1965.json]
[lifelinewisdomdental.com.au/wp-json/oembed/1.0/embedf14a.json]
[lifelinewisdomdental.com.au/wp-json/oembed/1.0/embed1258]
[lifelinewisdomdental.com.au/2015/05/12/qa-with-ryanne/index.html]
[lifelinewisdomdental.com.au/2015/05/12/the-importance-of-meditation/feed/index.html]
[lifelinewisdomdental.com.au/wp-json/wp/v2/posts/1963.json]
[lifelinewisdomdental.com.au/wp-json/oembed/1.0/embedefb9.json]
[lifelinewisdomdental.com.au/wp-json/oembed/1.0/embed5ce7]
[lifelinewisdomdental.com.au/2015/05/12/the-importance-of-meditation/index.html]
[lifelinewisdomdental.com.au/2015/04/29/5-yoga-poses-for-people-who-sit-all-day/feed/index.html]
[lifelinewisdomdental.com.au/wp-json/wp/v2/posts/91.json]
[lifelinewisdomdental.com.au/wp-json/oembed/1.0/embed991c.json]
[lifelinewisdomdental.com.au/wp-json/oembed/1.0/embed85c4]
[lifelinewisdomdental.com.au/2015/04/29/5-yoga-poses-for-people-who-sit-all-day/index.html]
[lifelinewisdomdental.com.au/2015/04/16/meet-yogafit-ambassador-grace/feed/index.html]
[lifelinewisdomdental.com.au/wp-json/wp/v2/posts/285.json]
[lifelinewisdomdental.com.au/wp-json/oembed/1.0/embeda656.json]
[lifelinewisdomdental.com.au/wp-json/oembed/1.0/embed1619]
[i0.wp.com/lifelinewisdomdental.com.au/wp-content/uploads/2015/07/011b50.jpg]
[lifelinewisdomdental.com.au/2015/04/16/meet-yogafit-ambassador-grace/index.html]
[lifelinewisdomdental.com.au/author/admin/page/3/index.html]
[lifelinewisdomdental.com.au/index79d5.html]
[lifelinewisdomdental.com.au/index6892.html]
[lifelinewisdomdental.com.au/index3ad1.html]
[lifelinewisdomdental.com.au/project/crowns-and-bridges/feed/index.html]
[lifelinewisdomdental.com.au/wp-json/wp/v2/project/1149.json]
[lifelinewisdomdental.com.au/2014/05/10/15-foods-that-torch-belly-fat/index.html]
[lifelinewisdomdental.com.au/wp-json/oembed/1.0/embedc153.json]
[lifelinewisdomdental.com.au/wp-json/oembed/1.0/embede130]
[i0.wp.com/lifelinewisdomdental.com.au/wp-content/uploads/2015/05/bridges-310be.jpg]
[lifelinewisdomdental.com.au/project/crowns-and-bridges/index.html]
[lifelinewisdomdental.com.au/indexf518.html]
[lifelinewisdomdental.com.au/index2f7a.html]
[lifelinewisdomdental.com.au/index44fb.html]
[lifelinewisdomdental.com.au/2015/04/15/what-is-yoga/feed/index.html]
[lifelinewisdomdental.com.au/wp-json/wp/v2/posts/106.json]
[lifelinewisdomdental.com.au/wp-json/oembed/1.0/embed6923.json]
[lifelinewisdomdental.com.au/wp-json/oembed/1.0/embed4640]
[lifelinewisdomdental.com.au/2015/04/15/what-is-yoga/index.html]
[lifelinewisdomdental.com.au/2015/04/15/12-ways-yoga-transforms-your-body/feed/index.html]
[lifelinewisdomdental.com.au/wp-json/wp/v2/posts/103.json]
[lifelinewisdomdental.com.au/wp-json/oembed/1.0/embedc40a.json]
[lifelinewisdomdental.com.au/wp-json/oembed/1.0/embede6cb]
[lifelinewisdomdental.com.au/2015/04/15/12-ways-yoga-transforms-your-body/index.html]
[lifelinewisdomdental.com.au/2015/04/15/introducing-yogafit-essential-oils/feed/index.html]
[lifelinewisdomdental.com.au/wp-json/wp/v2/posts/101.json]
[lifelinewisdomdental.com.au/wp-json/oembed/1.0/embedf4e0.json]
[lifelinewisdomdental.com.au/wp-json/oembed/1.0/embed2e02]
[lifelinewisdomdental.com.au/2015/04/15/introducing-yogafit-essential-oils/index.html]
[lifelinewisdomdental.com.au/2015/04/15/tammys-journey-to-yoga/feed/index.html]
[lifelinewisdomdental.com.au/wp-json/wp/v2/posts/99.json]
[lifelinewisdomdental.com.au/wp-json/oembed/1.0/embed469d.json]
[lifelinewisdomdental.com.au/wp-json/oembed/1.0/embedf570]
[lifelinewisdomdental.com.au/2015/04/15/tammys-journey-to-yoga/index.html]
[lifelinewisdomdental.com.au/2015/04/15/home-remedies-to-cure-your-sweet-tooth/feed/index.html]
[lifelinewisdomdental.com.au/wp-json/wp/v2/posts/87.json]
[lifelinewisdomdental.com.au/wp-json/oembed/1.0/embeda151.json]
[lifelinewisdomdental.com.au/wp-json/oembed/1.0/embed94f6]
[lifelinewisdomdental.com.au/2015/04/15/home-remedies-to-cure-your-sweet-tooth/index.html]
[lifelinewisdomdental.com.au/wp-json/wp/v2/categories/23.json]
[lifelinewisdomdental.com.au/category/healty-eating/index.html]
[lifelinewisdomdental.com.au/category/healty-eating/feed/index.html]
[lifelinewisdomdental.com.au/wp-json/wp/v2/posts/85.json]
[lifelinewisdomdental.com.au/2015/04/15/top-8-yoga-postures-for-pregnant-women/feed/index.html]
[lifelinewisdomdental.com.au/wp-json/oembed/1.0/embedb58e.json]
[lifelinewisdomdental.com.au/wp-json/oembed/1.0/embed541b]
[lifelinewisdomdental.com.au/2015/04/15/top-8-yoga-postures-for-pregnant-women/index.html]
[lifelinewisdomdental.com.au/2015/04/15/how-to-stay-fit-happy-and-healthy/feed/index.html]
[lifelinewisdomdental.com.au/wp-json/wp/v2/posts/78.json]
[lifelinewisdomdental.com.au/wp-json/oembed/1.0/embed37ed.json]
[lifelinewisdomdental.com.au/wp-json/oembed/1.0/embeda702]
[lifelinewisdomdental.com.au/2015/04/15/how-to-stay-fit-happy-and-healthy/index.html]
[lifelinewisdomdental.com.au/2014/06/12/why-you-should-go-to-yoga/feed/index.html]
[lifelinewisdomdental.com.au/wp-json/wp/v2/posts/1967.json]
[lifelinewisdomdental.com.au/wp-json/oembed/1.0/embede60a.json]
[lifelinewisdomdental.com.au/wp-json/oembed/1.0/embed3776]
[lifelinewisdomdental.com.au/2014/06/12/why-you-should-go-to-yoga/index.html]
[lifelinewisdomdental.com.au/wp-json/wp/v2/posts/2965.json]
[lifelinewisdomdental.com.au/2014/05/29/make-change-happen-volunteer/feed/index.html]
[lifelinewisdomdental.com.au/wp-json/oembed/1.0/embed5268.json]
[lifelinewisdomdental.com.au/wp-json/oembed/1.0/embed804e]
[lifelinewisdomdental.com.au/2014/05/29/make-change-happen-volunteer/index.html]
[lifelinewisdomdental.com.au/2014/05/29/the-benefits-of-building-strength/feed/index.html]
[lifelinewisdomdental.com.au/wp-json/wp/v2/posts/2992.json]
[lifelinewisdomdental.com.au/wp-json/oembed/1.0/embed678b.json]
[lifelinewisdomdental.com.au/wp-json/oembed/1.0/embed601e]
[lifelinewisdomdental.com.au/2014/05/29/the-benefits-of-building-strength/index.html]
[lifelinewisdomdental.com.au/author/admin/page/1/index.html]
[lifelinewisdomdental.com.au/indexcff1.html]
[lifelinewisdomdental.com.au/index3ded.html]
[lifelinewisdomdental.com.au/category/news/page/2/index.html]
[lifelinewisdomdental.com.au/index611c.html]
[lifelinewisdomdental.com.au/index3328.html]
[lifelinewisdomdental.com.au/indexbdf8.html]
[lifelinewisdomdental.com.au/indexd80b.html]
[lifelinewisdomdental.com.au/index2752.html]
[lifelinewisdomdental.com.au/indexfca9.html]
[lifelinewisdomdental.com.au/index5cfa.html]
[lifelinewisdomdental.com.au/indexd0b8.html]
[lifelinewisdomdental.com.au/wp-json/wp/v2/posts/2938.json]
[lifelinewisdomdental.com.au/2014/05/10/15-foods-that-torch-belly-fat/feed/index.html]
[lifelinewisdomdental.com.au/wp-json/oembed/1.0/embedc7ca.json]
[lifelinewisdomdental.com.au/wp-json/oembed/1.0/embed6c8b]
[lifelinewisdomdental.com.au/2014/05/10/15-foods-that-torch-belly-fat/index.html]
[lifelinewisdomdental.com.au/index3f16.html]
[lifelinewisdomdental.com.au/index153d.html]
[lifelinewisdomdental.com.au/indexe6f0.html]
[lifelinewisdomdental.com.au/index198a.html]
[lifelinewisdomdental.com.au/index5401.html]
[lifelinewisdomdental.com.au/index5d38.html]
[lifelinewisdomdental.com.au/index648c.html]
[lifelinewisdomdental.com.au/index7896.html]
[lifelinewisdomdental.com.au/index2020.html]
[lifelinewisdomdental.com.au/index32ca.html]
[lifelinewisdomdental.com.au/indexd7d1.html]
[lifelinewisdomdental.com.au/category/news/page/1/index.html]
[lifelinewisdomdental.com.au/indexc295.html]
